// Jest Snapshot v1, https://goo.gl/fbAQLP

exports[`Repos renders correctly 1`] = `null`;
