// Jest Snapshot v1, https://goo.gl/fbAQLP

exports[`Search renders correctly 1`] = `
<div>
  <form
    className="form"
    onSubmit={[Function]}
  >
    <input
      name="text"
      onChange={[Function]}
      placeholder="Search User..."
      type="text"
      value=""
    />
    <input
      className="btn btn-dark btn-block"
      type="submit"
      value="Search"
    />
  </form>
</div>
`;
